// Vitest Snapshot v1, https://vitest.dev/guide/snapshot.html

exports[`chat interaction with a successful tool call (e.g., file edit) > mcp tool - confirmation prompt 1`] = `
"> Please edit test.txt
▼  Custom tool: edit_file
 ╭─────────────────────────────────────────────────────────────────────────────────────────────────╮
 │{ success: [33mtrue[39m, message: [32m'File edited successfully.'[39m }                                          │
 ╰─────────────────────────────────────────────────────────────────────────────────────────────────╯

╭──────────────────────────────────────────────────────────────────────────────────────────────────╮
│ An error occurred while processing your request:                                                 │
│                                                                                                  │
│ expected [ { type: 'tool-result', …(6) } ] to deeply equal '{"success":true,"message":"File      │
│ edite…'                                                                                          │
╰──────────────────────────────────────────────────────────────────────────────────────────────────╯


╭──────────────────────────────────────────────────────────────────────────────────────────────────╮
│ >                                                                                                │
╰──────────────────────────────────────────────────────────────────────────────────────────────────╯
  / for commands                                                    alt + ⏎ for newline ·15 tokens"
`;

exports[`chat interaction with a successful tool call (e.g., file edit) > mcp tool - final state 1`] = `
"> Please edit test.txt
▼  Custom tool: edit_file
 ╭─────────────────────────────────────────────────────────────────────────────────────────────────╮
 │{ success: [33mtrue[39m, message: [32m'File edited successfully.'[39m }                                          │
 ╰─────────────────────────────────────────────────────────────────────────────────────────────────╯

╭──────────────────────────────────────────────────────────────────────────────────────────────────╮
│ An error occurred while processing your request:                                                 │
│                                                                                                  │
│ expected [ { type: 'tool-result', …(6) } ] to deeply equal '{"success":true,"message":"File      │
│ edite…'                                                                                          │
╰──────────────────────────────────────────────────────────────────────────────────────────────────╯


╭──────────────────────────────────────────────────────────────────────────────────────────────────╮
│ >                                                                                                │
╰──────────────────────────────────────────────────────────────────────────────────────────────────╯
  / for commands                                                    alt + ⏎ for newline ·15 tokens"
`;

exports[`chat interaction with a successful tool call (e.g., file edit) > mcp tool - initial 1`] = `
"
╭──────────────────────────────────────────────────────────────────────────────────────────────────╮
│ >                                                                                                │
╰──────────────────────────────────────────────────────────────────────────────────────────────────╯
  / for commands                                                     alt + ⏎ for newline ·0 tokens"
`;
