// Vitest Snapshot v1, https://vitest.dev/guide/snapshot.html

exports[`handling tool execution error > tool error - final state 1`] = `
"> Run the failing tool
▼  Custom tool: failing_tool
 ╭─────────────────────────────────────────────────────────────────────────────────────────────────╮
 ╰─────────────────────────────────────────────────────────────────────────────────────────────────╯

╭──────────────────────────────────────────────────────────────────────────────────────────────────╮
│ An error occurred while processing your request:                                                 │
│                                                                                                  │
│ Error executing tool failing_tool: Tool execution failed spectacularly!                          │
╰──────────────────────────────────────────────────────────────────────────────────────────────────╯


╭──────────────────────────────────────────────────────────────────────────────────────────────────╮
│ >                                                                                                │
╰──────────────────────────────────────────────────────────────────────────────────────────────────╯
  / for commands                                                    alt + ⏎ for newline ·10 tokens"
`;

exports[`handling tool execution error > tool error - initial 1`] = `
"
╭──────────────────────────────────────────────────────────────────────────────────────────────────╮
│ >                                                                                                │
╰──────────────────────────────────────────────────────────────────────────────────────────────────╯
  / for commands                                                     alt + ⏎ for newline ·0 tokens"
`;
